
[1m[46m RUN [49m[22m [36mv3.2.4 [39m[90mC:/Users/fmonf/Desktop/Software Enginnering LAPTOP/Agencia B2B/agencia-web-b2b[39m

 [31mΓ¥»[39m src/components/__tests__/WhatsAppButton.test.tsx [2m([22m[2m4 tests[22m[2m | [22m[31m4 failed[39m[2m)[22m[32m 195[2mms[22m[39m
[31m   [31m├ù[31m WhatsAppButton Component[2m > [22mrenders the WhatsApp button[39m[32m 121[2mms[22m[39m
[31m     ΓåÆ Unable to find an accessible element with the role "link" and name `/chat on whatsapp/i`

Here are the accessible roles:

  link:

  Name "label":
  [36m<a[31m
    [33maria-label[31m=[32m"label"[31m
    [33mclass[31m=[32m"fixed bottom-6 right-6 z-50 bg-[#25D366] hover:bg-[#20bd5a] text-white p-4 rounded-full shadow-2xl transition-all hover:-translate-y-1 flex items-center justify-center group"[31m
    [33mhref[31m=[32m"https://wa.me/5491123456789?text=message"[31m
    [33mrel[31m=[32m"noopener noreferrer"[31m
    [33mtarget[31m=[32m"_blank"[31m
  [36m/>[31m

  --------------------------------------------------

Ignored nodes: comments, script, style
[36m<body>[31m
  [36m<div>[31m
    [36m<a[31m
      [33maria-label[31m=[32m"label"[31m
      [33mclass[31m=[32m"fixed bottom-6 right-6 z-50 bg-[#25D366] hover:bg-[#20bd5a] text-white p-4 rounded-full shadow-2xl transition-all hover:-translate-y-1 flex items-center justify-center group"[31m
      [33mhref[31m=[32m"https://wa.me/5491123456789?text=message"[31m
      [33mrel[31m=[32m"noopener noreferrer"[31m
      [33mtarget[31m=[32m"_blank"[31m
    [36m>[31m
      [36m<div[31m
        [33mdata-testid[31m=[32m"icon-MessageCircle"[31m
        [33msize[31m=[32m"28"[31m
      [36m/>[31m
      [36m<span[31m
        [33mclass[31m=[32m"max-w-0 overflow-hidden group-hover:max-w-xs group-hover:ml-2 transition-all duration-300 font-bold whitespace-nowrap"[31m
      [36m>[31m
        [0mlabel[0m
      [36m</span>[31m
    [36m</a>[31m
  [36m</div>[31m
[36m</body>[31m[39m
[31m   [31m├ù[31m WhatsAppButton Component[2m > [22mhas correct WhatsApp URL structure[39m[32m 29[2mms[22m[39m
[31m     ΓåÆ Unable to find an accessible element with the role "link" and name `/chat on whatsapp/i`

Here are the accessible roles:

  link:

  Name "label":
  [36m<a[31m
    [33maria-label[31m=[32m"label"[31m
    [33mclass[31m=[32m"fixed bottom-6 right-6 z-50 bg-[#25D366] hover:bg-[#20bd5a] text-white p-4 rounded-full shadow-2xl transition-all hover:-translate-y-1 flex items-center justify-center group"[31m
    [33mhref[31m=[32m"https://wa.me/5491123456789?text=message"[31m
    [33mrel[31m=[32m"noopener noreferrer"[31m
    [33mtarget[31m=[32m"_blank"[31m
  [36m/>[31m

  --------------------------------------------------

Ignored nodes: comments, script, style
[36m<body>[31m
  [36m<div>[31m
    [36m<a[31m
      [33maria-label[31m=[32m"label"[31m
      [33mclass[31m=[32m"fixed bottom-6 right-6 z-50 bg-[#25D366] hover:bg-[#20bd5a] text-white p-4 rounded-full shadow-2xl transition-all hover:-translate-y-1 flex items-center justify-center group"[31m
      [33mhref[31m=[32m"https://wa.me/5491123456789?text=message"[31m
      [33mrel[31m=[32m"noopener noreferrer"[31m
      [33mtarget[31m=[32m"_blank"[31m
    [36m>[31m
      [36m<div[31m
        [33mdata-testid[31m=[32m"icon-MessageCircle"[31m
        [33msize[31m=[32m"28"[31m
      [36m/>[31m
      [36m<span[31m
        [33mclass[31m=[32m"max-w-0 overflow-hidden group-hover:max-w-xs group-hover:ml-2 transition-all duration-300 font-bold whitespace-nowrap"[31m
      [36m>[31m
        [0mlabel[0m
      [36m</span>[31m
    [36m</a>[31m
  [36m</div>[31m
[36m</body>[31m[39m
[31m   [31m├ù[31m WhatsAppButton Component[2m > [22mopens in new tab with security attributes[39m[32m 26[2mms[22m[39m
[31m     ΓåÆ Unable to find an accessible element with the role "link" and name `/chat on whatsapp/i`

Here are the accessible roles:

  link:

  Name "label":
  [36m<a[31m
    [33maria-label[31m=[32m"label"[31m
    [33mclass[31m=[32m"fixed bottom-6 right-6 z-50 bg-[#25D366] hover:bg-[#20bd5a] text-white p-4 rounded-full shadow-2xl transition-all hover:-translate-y-1 flex items-center justify-center group"[31m
    [33mhref[31m=[32m"https://wa.me/5491123456789?text=message"[31m
    [33mrel[31m=[32m"noopener noreferrer"[31m
    [33mtarget[31m=[32m"_blank"[31m
  [36m/>[31m

  --------------------------------------------------

Ignored nodes: comments, script, style
[36m<body>[31m
  [36m<div>[31m
    [36m<a[31m
      [33maria-label[31m=[32m"label"[31m
      [33mclass[31m=[32m"fixed bottom-6 right-6 z-50 bg-[#25D366] hover:bg-[#20bd5a] text-white p-4 rounded-full shadow-2xl transition-all hover:-translate-y-1 flex items-center justify-center group"[31m
      [33mhref[31m=[32m"https://wa.me/5491123456789?text=message"[31m
      [33mrel[31m=[32m"noopener noreferrer"[31m
      [33mtarget[31m=[32m"_blank"[31m
    [36m>[31m
      [36m<div[31m
        [33mdata-testid[31m=[32m"icon-MessageCircle"[31m
        [33msize[31m=[32m"28"[31m
      [36m/>[31m
      [36m<span[31m
        [33mclass[31m=[32m"max-w-0 overflow-hidden group-hover:max-w-xs group-hover:ml-2 transition-all duration-300 font-bold whitespace-nowrap"[31m
      [36m>[31m
        [0mlabel[0m
      [36m</span>[31m
    [36m</a>[31m
  [36m</div>[31m
[36m</body>[31m[39m
[31m   [31m├ù[31m WhatsAppButton Component[2m > [22mbutton has correct styling classes[39m[32m 18[2mms[22m[39m
[31m     ΓåÆ Unable to find an accessible element with the role "link" and name `/chat on whatsapp/i`

Here are the accessible roles:

  link:

  Name "label":
  [36m<a[31m
    [33maria-label[31m=[32m"label"[31m
    [33mclass[31m=[32m"fixed bottom-6 right-6 z-50 bg-[#25D366] hover:bg-[#20bd5a] text-white p-4 rounded-full shadow-2xl transition-all hover:-translate-y-1 flex items-center justify-center group"[31m
    [33mhref[31m=[32m"https://wa.me/5491123456789?text=message"[31m
    [33mrel[31m=[32m"noopener noreferrer"[31m
    [33mtarget[31m=[32m"_blank"[31m
  [36m/>[31m

  --------------------------------------------------

Ignored nodes: comments, script, style
[36m<body>[31m
  [36m<div>[31m
    [36m<a[31m
      [33maria-label[31m=[32m"label"[31m
      [33mclass[31m=[32m"fixed bottom-6 right-6 z-50 bg-[#25D366] hover:bg-[#20bd5a] text-white p-4 rounded-full shadow-2xl transition-all hover:-translate-y-1 flex items-center justify-center group"[31m
      [33mhref[31m=[32m"https://wa.me/5491123456789?text=message"[31m
      [33mrel[31m=[32m"noopener noreferrer"[31m
      [33mtarget[31m=[32m"_blank"[31m
    [36m>[31m
      [36m<div[31m
        [33mdata-testid[31m=[32m"icon-MessageCircle"[31m
        [33msize[31m=[32m"28"[31m
      [36m/>[31m
      [36m<span[31m
        [33mclass[31m=[32m"max-w-0 overflow-hidden group-hover:max-w-xs group-hover:ml-2 transition-all duration-300 font-bold whitespace-nowrap"[31m
      [36m>[31m
        [0mlabel[0m
      [36m</span>[31m
    [36m</a>[31m
  [36m</div>[31m
[36m</body>[31m[39m
node.exe : 
En C:\Program Files\nodejs\npx.ps1: 29 Carácter: 3
+   & $NODE_EXE $NPX_CLI_JS $args
+   ~~~~~~~~~~~~~~~~~~~~~~~~~~~~~
    + CategoryInfo          : NotSpecified: (:Stri 
   ng) [], RemoteException
    + FullyQualifiedErrorId : NativeCommandError
 
[31mΓÄ»ΓÄ»ΓÄ»ΓÄ»ΓÄ»ΓÄ»ΓÄ»[39m[1m[41m Failed 
Tests 4 [49m[22m[31mΓÄ»ΓÄ»ΓÄ»ΓÄ»ΓÄ»ΓÄ»ΓÄ»[39m

[41m[1m FAIL [22m[49m src/components/__tests__/
WhatsAppButton.test.tsx[2m > [22mWhatsAppButton 
Component[2m > [22mrenders the WhatsApp button
[31m[1mTestingLibraryElementError[22m: Unable 
to find an accessible element with the role "link" 
and name `/chat on whatsapp/i`

Here are the accessible roles:

  link:

  Name "label":
  [36m<a[31m
    [33maria-label[31m=[32m"label"[31m
    [33mclass[31m=[32m"fixed bottom-6 right-6 
z-50 bg-[#25D366] hover:bg-[#20bd5a] text-white 
p-4 rounded-full shadow-2xl transition-all 
hover:-translate-y-1 flex items-center 
justify-center group"[31m
    [33mhref[31m=[32m"https://wa.me/549112345678
9?text=message"[31m
    [33mrel[31m=[32m"noopener noreferrer"[31m
    [33mtarget[31m=[32m"_blank"[31m
  [36m/>[31m

  
--------------------------------------------------

Ignored nodes: comments, script, style
[36m<body>[31m
  [36m<div>[31m
    [36m<a[31m
      [33maria-label[31m=[32m"label"[31m
      [33mclass[31m=[32m"fixed bottom-6 right-6 
z-50 bg-[#25D366] hover:bg-[#20bd5a] text-white 
p-4 rounded-full shadow-2xl transition-all 
hover:-translate-y-1 flex items-center 
justify-center group"[31m
      [33mhref[31m=[32m"https://wa.me/5491123456
789?text=message"[31m
      [33mrel[31m=[32m"noopener noreferrer"[31m
      [33mtarget[31m=[32m"_blank"[31m
    [36m>[31m
      [36m<div[31m
        [33mdata-testid[31m=[32m"icon-MessageCir
cle"[31m
        [33msize[31m=[32m"28"[31m
      [36m/>[31m
      [36m<span[31m
        [33mclass[31m=[32m"max-w-0 
overflow-hidden group-hover:max-w-xs 
group-hover:ml-2 transition-all duration-300 
font-bold whitespace-nowrap"[31m
      [36m>[31m
        [0mlabel[0m
      [36m</span>[31m
    [36m</a>[31m
  [36m</div>[31m
[36m</body>[31m[39m
[90m [2mΓ¥»[22m Object.getElementError node_modu
les/@testing-library/dom/dist/config.js:[2m37:19[
22m[39m
[90m [2mΓ¥»[22m node_modules/@testing-library/do
m/dist/query-helpers.js:[2m76:38[22m[39m
[90m [2mΓ¥»[22m node_modules/@testing-library/do
m/dist/query-helpers.js:[2m52:17[22m[39m
[90m [2mΓ¥»[22m node_modules/@testing-library/do
m/dist/query-helpers.js:[2m95:19[22m[39m
[36m [2mΓ¥»[22m src/components/__tests__/WhatsAp
pButton.test.tsx:[2m9:27[22m[39m
    [90m  7| [39m    [34mrender[39m([33m<[39m
[33mWhatsAppButton[39m 
[33m/[39m[33m>[39m)[33m;[39m
    [90m  8| [39m
    [90m  9| [39m    const button = 
screen.getByRole("link", { name: /chat on 
whatsapp/ΓÇª
    [90m   | [39m                          
[31m^[39m
    [90m 10| [39m    [34mexpect[39m(button)[33
m.[39m[34mtoBeInTheDocument[39m()[33m;[39m
    [90m 11| [39m  })[33m;[39m

[31m[2mΓÄ»ΓÄ»ΓÄ»ΓÄ»ΓÄ»ΓÄ»ΓÄ»ΓÄ»ΓÄ»ΓÄ»ΓÄ»ΓÄ»ΓÄ»ΓÄ»
ΓÄ»ΓÄ»ΓÄ»ΓÄ»ΓÄ»ΓÄ»ΓÄ»ΓÄ»ΓÄ»ΓÄ»[1/4]ΓÄ»[22m[39m

[41m[1m FAIL [22m[49m src/components/__tests__/
WhatsAppButton.test.tsx[2m > [22mWhatsAppButton 
Component[2m > [22mhas correct WhatsApp URL 
structure
[31m[1mTestingLibraryElementError[22m: Unable 
to find an accessible element with the role "link" 
and name `/chat on whatsapp/i`

Here are the accessible roles:

  link:

  Name "label":
  [36m<a[31m
    [33maria-label[31m=[32m"label"[31m
    [33mclass[31m=[32m"fixed bottom-6 right-6 
z-50 bg-[#25D366] hover:bg-[#20bd5a] text-white 
p-4 rounded-full shadow-2xl transition-all 
hover:-translate-y-1 flex items-center 
justify-center group"[31m
    [33mhref[31m=[32m"https://wa.me/549112345678
9?text=message"[31m
    [33mrel[31m=[32m"noopener noreferrer"[31m
    [33mtarget[31m=[32m"_blank"[31m
  [36m/>[31m

  
--------------------------------------------------

Ignored nodes: comments, script, style
[36m<body>[31m
  [36m<div>[31m
    [36m<a[31m
      [33maria-label[31m=[32m"label"[31m
      [33mclass[31m=[32m"fixed bottom-6 right-6 
z-50 bg-[#25D366] hover:bg-[#20bd5a] text-white 
p-4 rounded-full shadow-2xl transition-all 
hover:-translate-y-1 flex items-center 
justify-center group"[31m
      [33mhref[31m=[32m"https://wa.me/5491123456
789?text=message"[31m
      [33mrel[31m=[32m"noopener noreferrer"[31m
      [33mtarget[31m=[32m"_blank"[31m
    [36m>[31m
      [36m<div[31m
        [33mdata-testid[31m=[32m"icon-MessageCir
cle"[31m
        [33msize[31m=[32m"28"[31m
      [36m/>[31m
      [36m<span[31m
        [33mclass[31m=[32m"max-w-0 
overflow-hidden group-hover:max-w-xs 
group-hover:ml-2 transition-all duration-300 
font-bold whitespace-nowrap"[31m
      [36m>[31m
        [0mlabel[0m
      [36m</span>[31m
    [36m</a>[31m
  [36m</div>[31m
[36m</body>[31m[39m
[90m [2mΓ¥»[22m Object.getElementError node_modu
les/@testing-library/dom/dist/config.js:[2m37:19[
22m[39m
[90m [2mΓ¥»[22m node_modules/@testing-library/do
m/dist/query-helpers.js:[2m76:38[22m[39m
[90m [2mΓ¥»[22m node_modules/@testing-library/do
m/dist/query-helpers.js:[2m52:17[22m[39m
[90m [2mΓ¥»[22m node_modules/@testing-library/do
m/dist/query-helpers.js:[2m95:19[22m[39m
[36m [2mΓ¥»[22m src/components/__tests__/WhatsAp
pButton.test.tsx:[2m16:27[22m[39m
    [90m 14| [39m    [34mrender[39m([33m<[39m
[33mWhatsAppButton[39m 
[33m/[39m[33m>[39m)[33m;[39m
    [90m 15| [39m
    [90m 16| [39m    const button = 
screen.getByRole("link", { name: /chat on 
whatsapp/ΓÇª
    [90m   | [39m                          
[31m^[39m
    [90m 17| [39m    [35mconst[39m href 
[33m=[39m button[33m.[39m[34mgetAttribute[39m
([32m"href"[39m)[33m;[39m
    [90m 18| [39m

[31m[2mΓÄ»ΓÄ»ΓÄ»ΓÄ»ΓÄ»ΓÄ»ΓÄ»ΓÄ»ΓÄ»ΓÄ»ΓÄ»ΓÄ»ΓÄ»ΓÄ»
ΓÄ»ΓÄ»ΓÄ»ΓÄ»ΓÄ»ΓÄ»ΓÄ»ΓÄ»ΓÄ»ΓÄ»[2/4]ΓÄ»[22m[39m

[41m[1m FAIL [22m[49m src/components/__tests__/
WhatsAppButton.test.tsx[2m > [22mWhatsAppButton 
Component[2m > [22mopens in new tab with 
security attributes
[31m[1mTestingLibraryElementError[22m: Unable 
to find an accessible element with the role "link" 
and name `/chat on whatsapp/i`

Here are the accessible roles:

  link:

  Name "label":
  [36m<a[31m
    [33maria-label[31m=[32m"label"[31m
    [33mclass[31m=[32m"fixed bottom-6 right-6 
z-50 bg-[#25D366] hover:bg-[#20bd5a] text-white 
p-4 rounded-full shadow-2xl transition-all 
hover:-translate-y-1 flex items-center 
justify-center group"[31m
    [33mhref[31m=[32m"https://wa.me/549112345678
9?text=message"[31m
    [33mrel[31m=[32m"noopener noreferrer"[31m
    [33mtarget[31m=[32m"_blank"[31m
  [36m/>[31m

  
--------------------------------------------------

Ignored nodes: comments, script, style

[36m<body>[31m
  [36m<div>[31m
    [36m<a[31m
      [33maria-label[31m=[32m"label"[31m
      [33mclass[31m=[32m"fixed bottom-6 right-6 
z-50 bg-[#25D366] hover:bg-[#20bd5a] text-white 
p-4 rounded-full shadow-2xl transition-all 
hover:-translate-y-1 flex items-center 
justify-center group"[31m
      [33mhref[31m=[32m"https://wa.me/5491123456
789?text=message"[31m
      [33mrel[31m=[32m"noopener noreferrer"[31m
      [33mtarget[31m=[32m"_blank"[31m
    [36m>[31m
      [36m<div[31m
        [33mdata-testid[31m=[32m"icon-MessageCir
cle"[31m
        [33msize[31m=[32m"28"[31m
      [36m/>[31m
      [36m<span[31m
        [33mclass[31m=[32m"max-w-0 
overflow-hidden group-hover:max-w-xs 
group-hover:ml-2 transition-all duration-300 
font-bold whitespace-nowrap"[31m
      [36m>[31m
        [0mlabel[0m
      [36m</span>[31m
    [36m</a>[31m
  [36m</div>[31m
[36m</body>[31m[39m
[90m [2mΓ¥»[22m Object.getElementError node_modu
les/@testing-library/dom/dist/config.js:[2m37:19[
22m[39m
[90m [2mΓ¥»[22m node_modules/@testing-library/do
m/dist/query-helpers.js:[2m76:38[22m[39m
[90m [2mΓ¥»[22m node_modules/@testing-library/do
m/dist/query-helpers.js:[2m52:17[22m[39m
[90m [2mΓ¥»[22m node_modules/@testing-library/do
m/dist/query-helpers.js:[2m95:19[22m[39m
[36m [2mΓ¥»[22m src/components/__tests__/WhatsAp
pButton.test.tsx:[2m26:27[22m[39m
    [90m 24| [39m    [34mrender[39m([33m<[39m
[33mWhatsAppButton[39m 
[33m/[39m[33m>[39m)[33m;[39m
    [90m 25| [39m
    [90m 26| [39m    const button = 
screen.getByRole("link", { name: /chat on 
whatsapp/ΓÇª
    [90m   | [39m                          
[31m^[39m
    [90m 27| [39m
    [90m 28| [39m    [34mexpect[39m(button)[33
m.[39m[34mtoHaveAttribute[39m([32m"target"[39m
[33m,[39m [32m"_blank"[39m)[33m;[39m

[31m[2mΓÄ»ΓÄ»ΓÄ»ΓÄ»ΓÄ»ΓÄ»ΓÄ»ΓÄ»ΓÄ»ΓÄ»ΓÄ»ΓÄ»ΓÄ»ΓÄ»
ΓÄ»ΓÄ»ΓÄ»ΓÄ»ΓÄ»ΓÄ»ΓÄ»ΓÄ»ΓÄ»ΓÄ»[3/4]ΓÄ»[22m[39m

[41m[1m FAIL [22m[49m src/components/__tests__/
WhatsAppButton.test.tsx[2m > [22mWhatsAppButton 
Component[2m > [22mbutton has correct styling 
classes
[31m[1mTestingLibraryElementError[22m: Unable 
to find an accessible element with the role "link" 
and name `/chat on whatsapp/i`

Here are the accessible roles:

  link:

  Name "label":
  [36m<a[31m
    [33maria-label[31m=[32m"label"[31m
    [33mclass[31m=[32m"fixed bottom-6 right-6 
z-50 bg-[#25D366] hover:bg-[#20bd5a] text-white 
p-4 rounded-full shadow-2xl transition-all 
hover:-translate-y-1 flex items-center 
justify-center group"[31m
    [33mhref[31m=[32m"https://wa.me/549112345678
9?text=message"[31m
    [33mrel[31m=[32m"noopener noreferrer"[31m
    [33mtarget[31m=[32m"_blank"[31m
  [36m/>[31m

  
--------------------------------------------------

Ignored nodes: comments, script, style
[36m<body>[31m
  [36m<div>[31m
    [36m<a[31m
      [33maria-label[31m=[32m"label"[31m
      [33mclass[31m=[32m"fixed bottom-6 right-6 
z-50 bg-[#25D366] hover:bg-[#20bd5a] text-white 
p-4 rounded-full shadow-2xl transition-all 
hover:-translate-y-1 flex items-center 
justify-center group"[31m
      [33mhref[31m=[32m"https://wa.me/5491123456
789?text=message"[31m
      [33mrel[31m=[32m"noopener noreferrer"[31m
      [33mtarget[31m=[32m"_blank"[31m
    [36m>[31m
      [36m<div[31m
        [33mdata-testid[31m=[32m"icon-MessageCir
cle"[31m
        [33msize[31m=[32m"28"[31m
      [36m/>[31m
      [36m<span[31m
        [33mclass[31m=[32m"max-w-0 
overflow-hidden group-hover:max-w-xs 
group-hover:ml-2 transition-all duration-300 
font-bold whitespace-nowrap"[31m
      [36m>[31m
        [0mlabel[0m
      [36m</span>[31m
[2m Test Files [22m [1m[31m1 failed[39m[22m[90m (1)[39m
[2m      Tests [22m [1m[31m4 failed[39m[22m[90m (4)[39m
[2m   Start at [22m 02:07:53
[2m   Duration [22m 2.03s[2m (transform 63ms, setup 137ms, collect 119ms, tests 195ms, environment 947ms, prepare 134ms)[22m

    [36m</a>[31m
  [36m</div>[31m
[36m</body>[31m[39m
[90m [2mΓ¥»[22m Object.getElementError node_modu
les/@testing-library/dom/dist/config.js:[2m37:19[
22m[39m
[90m [2mΓ¥»[22m node_modules/@testing-library/do
m/dist/query-helpers.js:[2m76:38[22m[39m
[90m [2mΓ¥»[22m node_modules/@testing-library/do
m/dist/query-helpers.js:[2m52:17[22m[39m
[90m [2mΓ¥»[22m node_modules/@testing-library/do
m/dist/query-helpers.js:[2m95:19[22m[39m
[36m [2mΓ¥»[22m src/components/__tests__/WhatsAp
pButton.test.tsx:[2m35:27[22m[39m
    [90m 33| [39m    [34mrender[39m([33m<[39m
[33mWhatsAppButton[39m 
[33m/[39m[33m>[39m)[33m;[39m
    [90m 34| [39m
    [90m 35| [39m    const button = 
screen.getByRole("link", { name: /chat on 
whatsapp/ΓÇª
    [90m   | [39m                          
[31m^[39m
    [90m 36| [39m    [34mexpect[39m(button)[33
m.[39m[34mtoHaveClass[39m([32m"fixed"[39m[33m
,[39m [32m"bottom-6"[39m[33m,[39m 
[32m"right-6"[39m)[33m;[39m
    [90m 37| [39m  })[33m;[39m

[31m[2mΓÄ»ΓÄ»ΓÄ»ΓÄ»ΓÄ»ΓÄ»ΓÄ»ΓÄ»ΓÄ»ΓÄ»ΓÄ»ΓÄ»ΓÄ»ΓÄ»
ΓÄ»ΓÄ»ΓÄ»ΓÄ»ΓÄ»ΓÄ»ΓÄ»ΓÄ»ΓÄ»ΓÄ»[4/4]ΓÄ»[22m[39m

