src/components/__tests__/Footer.test.tsx(17,27): error TS2558: Expected 0-1 type arguments, but got 2.
src/components/__tests__/Footer.test.tsx(18,16): error TS2352: Conversion of type 'Mock<Promise<Response>>' to type '{ (input: RequestInfo | URL, init?: RequestInit | undefined): Promise<Response>; (input: string | Request | URL, init?: RequestInit | undefined): Promise<...>; }' may be a mistake because neither type sufficiently overlaps with the other. If this was intentional, convert the expression to 'unknown' first.
  Types of parameters 'args' and 'input' are incompatible.
    Type '[input: RequestInfo | URL, init?: RequestInit | undefined]' is not comparable to type 'never'.
src/components/__tests__/Footer.test.tsx(28,58): error TS2339: Property 'toBeInTheDocument' does not exist on type 'Matchers<void, HTMLElement> & SnapshotMatchers<void, HTMLElement> & Inverse<JestMatchers<void, HTMLElement>> & PromiseMatchers<...>'.
src/components/__tests__/Footer.test.tsx(29,57): error TS2339: Property 'toBeInTheDocument' does not exist on type 'Matchers<void, HTMLElement> & SnapshotMatchers<void, HTMLElement> & Inverse<JestMatchers<void, HTMLElement>> & PromiseMatchers<...>'.
src/components/__tests__/Footer.test.tsx(30,47): error TS2339: Property 'toBeInTheDocument' does not exist on type 'Matchers<void, HTMLElement> & SnapshotMatchers<void, HTMLElement> & Inverse<JestMatchers<void, HTMLElement>> & PromiseMatchers<...>'.
src/components/__tests__/Footer.test.tsx(39,26): error TS2339: Property 'toBeInTheDocument' does not exist on type 'Matchers<void, HTMLElement> & SnapshotMatchers<void, HTMLElement> & Inverse<JestMatchers<void, HTMLElement>> & PromiseMatchers<...>'.
src/components/__tests__/Footer.test.tsx(91,45): error TS2339: Property 'toBeInTheDocument' does not exist on type 'Matchers<void, HTMLElement> & SnapshotMatchers<void, HTMLElement> & Inverse<JestMatchers<void, HTMLElement>> & PromiseMatchers<...>'.
src/components/__tests__/Footer.test.tsx(119,53): error TS2339: Property 'toBeInTheDocument' does not exist on type 'Matchers<void, HTMLElement> & SnapshotMatchers<void, HTMLElement> & Inverse<JestMatchers<void, HTMLElement>> & PromiseMatchers<...>'.
src/components/__tests__/Footer.test.tsx(126,47): error TS2339: Property 'toBeInTheDocument' does not exist on type 'Matchers<void, HTMLElement> & SnapshotMatchers<void, HTMLElement> & Inverse<JestMatchers<void, HTMLElement>> & PromiseMatchers<...>'.
src/components/__tests__/Footer.test.tsx(127,54): error TS2339: Property 'toBeInTheDocument' does not exist on type 'Matchers<void, HTMLElement> & SnapshotMatchers<void, HTMLElement> & Inverse<JestMatchers<void, HTMLElement>> & PromiseMatchers<...>'.
src/components/__tests__/Header.test.tsx(24,25): error TS2339: Property 'toBeInTheDocument' does not exist on type 'Matchers<void, HTMLElement> & SnapshotMatchers<void, HTMLElement> & Inverse<JestMatchers<void, HTMLElement>> & PromiseMatchers<...>'.
src/components/__tests__/Header.test.tsx(31,22): error TS2339: Property 'toHaveAttribute' does not exist on type 'Matchers<void, HTMLElement> & SnapshotMatchers<void, HTMLElement> & Inverse<JestMatchers<void, HTMLElement>> & PromiseMatchers<...>'.
src/components/__tests__/Header.test.tsx(37,43): error TS2339: Property 'toBeInTheDocument' does not exist on type 'Matchers<void, HTMLElement> & SnapshotMatchers<void, HTMLElement> & Inverse<JestMatchers<void, HTMLElement>> & PromiseMatchers<...>'.
src/components/__tests__/Header.test.tsx(38,41): error TS2339: Property 'toBeInTheDocument' does not exist on type 'Matchers<void, HTMLElement> & SnapshotMatchers<void, HTMLElement> & Inverse<JestMatchers<void, HTMLElement>> & PromiseMatchers<...>'.
src/components/__tests__/Header.test.tsx(39,41): error TS2339: Property 'toBeInTheDocument' does not exist on type 'Matchers<void, HTMLElement> & SnapshotMatchers<void, HTMLElement> & Inverse<JestMatchers<void, HTMLElement>> & PromiseMatchers<...>'.
src/components/__tests__/WhatsAppButton.test.tsx(11,20): error TS2339: Property 'toBeInTheDocument' does not exist on type 'Matchers<void, HTMLElement> & SnapshotMatchers<void, HTMLElement> & Inverse<JestMatchers<void, HTMLElement>> & PromiseMatchers<...>'.
src/components/__tests__/WhatsAppButton.test.tsx(29,20): error TS2339: Property 'toHaveAttribute' does not exist on type 'Matchers<void, HTMLElement> & SnapshotMatchers<void, HTMLElement> & Inverse<JestMatchers<void, HTMLElement>> & PromiseMatchers<...>'.
src/components/__tests__/WhatsAppButton.test.tsx(30,20): error TS2339: Property 'toHaveAttribute' does not exist on type 'Matchers<void, HTMLElement> & SnapshotMatchers<void, HTMLElement> & Inverse<JestMatchers<void, HTMLElement>> & PromiseMatchers<...>'.
src/components/__tests__/WhatsAppButton.test.tsx(37,20): error TS2339: Property 'toHaveClass' does not exist on type 'Matchers<void, HTMLElement> & SnapshotMatchers<void, HTMLElement> & Inverse<JestMatchers<void, HTMLElement>> & PromiseMatchers<...>'.
